// Jest Snapshot v1, https://goo.gl/fbAQLP

exports[`renderiza corretamente 1`] = `
<div
  className="MuiPaper-root MuiTableContainer-root MuiPaper-elevation1 MuiPaper-rounded"
>
  <div
    style={
      Object {
        "textAlign": "center",
      }
    }
  >
    <b>
      Ãšltimos pedidos
    </b>
  </div>
  <table
    aria-label="simple table"
    className="MuiTable-root"
    role={null}
  >
    <thead
      className="MuiTableHead-root"
      role={null}
    >
      <tr
        className="MuiTableRow-root MuiTableRow-head"
        role={null}
      >
        <th
          aria-sort={null}
          className="MuiTableCell-root MuiTableCell-head"
          scope="col"
        >
          <b>
            Cliente
          </b>
        </th>
        <th
          aria-sort={null}
          className="MuiTableCell-root MuiTableCell-head MuiTableCell-alignRight"
          scope="col"
        >
          <b>
            Valor
          </b>
        </th>
        <th
          aria-sort={null}
          className="MuiTableCell-root MuiTableCell-head MuiTableCell-alignRight"
          scope="col"
        >
          <b>
            Status
          </b>
        </th>
        <th
          aria-sort={null}
          className="MuiTableCell-root MuiTableCell-head MuiTableCell-alignRight"
          scope="col"
        >
          <b>
            Data
          </b>
        </th>
      </tr>
    </thead>
    <tbody
      className="MuiTableBody-root"
      role={null}
    >
      <tr
        className="MuiTableRow-root"
        role={null}
      >
        <th
          aria-sort={null}
          className="MuiTableCell-root MuiTableCell-body"
          role="cell"
          scope="row"
        >
          test_client
        </th>
        <td
          aria-sort={null}
          className="MuiTableCell-root MuiTableCell-body MuiTableCell-alignRight"
        >
          100
        </td>
        <td
          aria-sort={null}
          className="MuiTableCell-root MuiTableCell-body MuiTableCell-alignRight"
        />
        <td
          aria-sort={null}
          className="MuiTableCell-root MuiTableCell-body MuiTableCell-alignRight"
        >
          12/31/1969
        </td>
      </tr>
    </tbody>
  </table>
</div>
`;
